21:16:18 **** Incremental Build of configuration Debug for project App_4_3_Grupo_7_2024 ****
make -j4 all 
arm-none-eabi-size  App_4_3_Grupo_7_2024.elf 
   text	   data	    bss	    dec	    hex	filename
  13856	     24	   3472	  17352	   43c8	App_4_3_Grupo_7_2024.elf
Finished building: default.size.stdout
 
21:16:27 **** Incremental Build of configuration Debug for project App_4_3_Grupo_7_2024 ****
make -j4 all 
arm-none-eabi-size  App_4_3_Grupo_7_2024.elf 
   text	   data	    bss	    dec	    hex	filename
  13856	     24	   3472	  17352	   43c8	App_4_3_Grupo_7_2024.elf
Finished building: default.size.stdout
 
21:21:17 **** Build of configuration Debug for project FuncionDebounce ****
make -j4 all 
arm-none-eabi-size  FuncionDebounce.elf 
   text	   data	    bss	    dec	    hex	filename
  13044	     12	   3468	  16524	   408c	FuncionDebounce.elf
Finished building: default.size.stdout
 
