../Core/Src/main.c:86:5:main	16	static
../Core/Src/main.c:141:6:SystemClock_Config	88	static
../Core/Src/main.c:187:13:MX_ETH_Init	8	static
../Core/Src/main.c:236:13:MX_USART3_UART_Init	8	static
../Core/Src/main.c:269:13:MX_USB_OTG_FS_PCD_Init	8	static
../Core/Src/main.c:315:6:debounceFSM_init	8	static
../Core/Src/main.c:323:6:debounceFSM_update	8	static
../Core/Src/main.c:361:6:buttonPressed	8	static
../Core/Src/main.c:366:6:buttonReleased	8	static
../Core/Src/main.c:376:6:Error_Handler	4	static,ignoring_inline_asm
