../Core/Src/main.c:78:5:main	56	static
../Core/Src/main.c:171:6:SystemClock_Config	88	static
../Core/Src/main.c:217:13:MX_ETH_Init	8	static
../Core/Src/main.c:266:13:MX_USART3_UART_Init	8	static
../Core/Src/main.c:299:13:MX_USB_OTG_FS_PCD_Init	8	static
../Core/Src/main.c:334:13:MX_GPIO_Init	56	static
../Core/Src/main.c:390:6:delayInit	16	static
../Core/Src/main.c:400:8:delayRead	16	static
../Core/Src/main.c:420:6:delayWrite	16	static
../Core/Src/main.c:431:6:Error_Handler	4	static,ignoring_inline_asm
