19:24:58 **** Incremental Build of configuration Debug for project Ejemplo04_Driver_GPIO ****
make -j4 all 
arm-none-eabi-gcc "../Drivers/API/Src/ API_GPIO.c" -mcpu=cortex-m4 -std=gnu11 -g3 -DDEBUG -DUSE_HAL_DRIVER -DSTM32F413xx -c -I../Core/Inc -I../Drivers/STM32F4xx_HAL_Driver/Inc -I../Drivers/STM32F4xx_HAL_Driver/Inc/Legacy -I../Drivers/CMSIS/Device/ST/STM32F4xx/Include -I../Drivers/CMSIS/Include -I"C:/Users/marcelo/Tecnicas_Digitales_II/Ejemplo03_Push_Button3/Drivers/API/Inc" -O0 -ffunction-sections -fdata-sections -Wall -fstack-usage -fcyclomatic-complexity -MMD -MP -MF"Drivers/API/Src/ API_GPIO.d" -MT"Drivers/API/Src/ API_GPIO.o" --specs=nano.specs -mfpu=fpv4-sp-d16 -mfloat-abi=hard -mthumb -o "Drivers/API/Src/ API_GPIO.o"
arm-none-eabi-gcc "../Core/Src/main.c" -mcpu=cortex-m4 -std=gnu11 -g3 -DDEBUG -DUSE_HAL_DRIVER -DSTM32F413xx -c -I../Core/Inc -I../Drivers/STM32F4xx_HAL_Driver/Inc -I../Drivers/STM32F4xx_HAL_Driver/Inc/Legacy -I../Drivers/CMSIS/Device/ST/STM32F4xx/Include -I../Drivers/CMSIS/Include -I"C:/Users/marcelo/Tecnicas_Digitales_II/Ejemplo03_Push_Button3/Drivers/API/Inc" -O0 -ffunction-sections -fdata-sections -Wall -fstack-usage -fcyclomatic-complexity -MMD -MP -MF"Core/Src/main.d" -MT"Core/Src/main.o" --specs=nano.specs -mfpu=fpv4-sp-d16 -mfloat-abi=hard -mthumb -o "Core/Src/main.o"
arm-none-eabi-gcc -o "Ejemplo04_Driver_GPIO.elf" @"objects.list"   -mcpu=cortex-m4 -T"C:\Users\marcelo\Tecnicas_Digitales_II\Ejemplo03_Push_Button3\STM32F413ZHTX_FLASH.ld" --specs=nosys.specs -Wl,-Map="Ejemplo04_Driver_GPIO.map" -Wl,--gc-sections -static --specs=nano.specs -mfpu=fpv4-sp-d16 -mfloat-abi=hard -mthumb -Wl,--start-group -lc -lm -Wl,--end-group
Finished building target: Ejemplo04_Driver_GPIO.elf
 
arm-none-eabi-size  Ejemplo04_Driver_GPIO.elf 
arm-none-eabi-objdump -h -S Ejemplo04_Driver_GPIO.elf  > "Ejemplo04_Driver_GPIO.list"
   text	   data	    bss	    dec	    hex	filename
  12064	     12	   2892	  14968	   3a78	Ejemplo04_Driver_GPIO.elf
Finished building: default.size.stdout
 
Finished building: Ejemplo04_Driver_GPIO.list
 

19:24:59 Build Finished. 0 errors, 0 warnings. (took 1s.638ms)

