22:46:38 **** Incremental Build of configuration Debug for project App_1_4_Grupo_7_2024 ****
make -j4 all 
arm-none-eabi-gcc "../Core/Src/main.c" -mcpu=cortex-m4 -std=gnu11 -g3 -DDEBUG -DUSE_HAL_DRIVER -DSTM32F429xx -c -I../Core/Inc -I../Drivers/STM32F4xx_HAL_Driver/Inc -I../Drivers/STM32F4xx_HAL_Driver/Inc/Legacy -I../Drivers/CMSIS/Device/ST/STM32F4xx/Include -I../Drivers/CMSIS/Include -O0 -ffunction-sections -fdata-sections -Wall -fstack-usage -fcyclomatic-complexity -MMD -MP -MF"Core/Src/main.d" -MT"Core/Src/main.o" --specs=nano.specs -mfpu=fpv4-sp-d16 -mfloat-abi=hard -mthumb -o "Core/Src/main.o"
arm-none-eabi-gcc -o "App_1_4_Grupo_7_2024.elf" @"objects.list"   -mcpu=cortex-m4 -T"C:\Users\marcelo\STM32CubeIDE\workspace_1.15.1\WORKSPACE\App_1_4_Grupo_7_2024\STM32F429ZITX_FLASH.ld" --specs=nosys.specs -Wl,-Map="App_1_4_Grupo_7_2024.map" -Wl,--gc-sections -static --specs=nano.specs -mfpu=fpv4-sp-d16 -mfloat-abi=hard -mthumb -Wl,--start-group -lc -lm -Wl,--end-group
Finished building target: App_1_4_Grupo_7_2024.elf
 
arm-none-eabi-size  App_1_4_Grupo_7_2024.elf 
arm-none-eabi-objdump -h -S App_1_4_Grupo_7_2024.elf  > "App_1_4_Grupo_7_2024.list"
   text	   data	    bss	    dec	    hex	filename
  12868	     12	   3452	  16332	   3fcc	App_1_4_Grupo_7_2024.elf
Finished building: default.size.stdout
 
Finished building: App_1_4_Grupo_7_2024.list
 
22:46:41 **** Incremental Build of configuration Debug for project App_1_4_Grupo_7_2024 ****
make -j4 all 
arm-none-eabi-size  App_1_4_Grupo_7_2024.elf 
   text	   data	    bss	    dec	    hex	filename
  12868	     12	   3452	  16332	   3fcc	App_1_4_Grupo_7_2024.elf
Finished building: default.size.stdout
 
